// Jest Snapshot v1, https://goo.gl/fbAQLP

exports[`Pruebas en FirstApp debe hacer match con el snapshot 1`] = `
<div>
  <h1
    data-testid="test-title"
  >
     
    Titulo
     
  </h1>
  <h2>
     
    0
  </h2>
  <h3>
     Suma: 
    6
     
  </h3>
  <p>
     Soy un subtitulo 
  </p>
</div>
`;
